
Memory Configuration

Name             Origin             Length             Attributes
ROM              0x00010000         0x00000800         xr
RAM              0x00004000         0x00008000         xrw
*default*        0x00000000         0xffffffff

Linker script and memory map

LOAD build/storm_startup_code.o
LOAD main.o
LOAD d:/winarm/bin/../lib/gcc/arm-elf/4.1.1/../../../../arm-elf/lib/be\libc.a
LOAD d:/winarm/bin/../lib/gcc/arm-elf/4.1.1/../../../../arm-elf/lib/be\libm.a
LOAD d:/winarm/bin/../lib/gcc/arm-elf/4.1.1/../../../../arm-elf/lib/be\libc.a
LOAD d:/winarm/bin/../lib/gcc/arm-elf/4.1.1/be\libgcc.a
START GROUP
LOAD d:/winarm/bin/../lib/gcc/arm-elf/4.1.1/be\libgcc.a
LOAD d:/winarm/bin/../lib/gcc/arm-elf/4.1.1/../../../../arm-elf/lib/be\libg.a
LOAD d:/winarm/bin/../lib/gcc/arm-elf/4.1.1/../../../../arm-elf/lib/be\libc.a
END GROUP
                0x00004000                STACK_SIZE = 0x4000
                0x00004000                . = 0x4000

.text           0x00004000      0xe08
 *storm_startup_code.o(.text)
 .text          0x00004000      0x290 build/storm_startup_code.o
                0x00004100                reset
                0x00004000                _boot
                0x00004050                _mainCRTStartup
                0x00004100                abort
                0x00004050                _start
                0x00004100                _reset
                0x00004100                exit
                0x00004050                start
 *(.text)
 .text          0x00004290      0xa64 main.o
                0x000044a0                io_spi0_disable
                0x000042b4                io_set_gpio0_pin
                0x000042f4                io_toggle_gpio0_pin
                0x00004310                io_set_gpio0_port
                0x000042d0                io_clr_gpio0_pin
                0x000047f8                memTestDataBus
                0x000044c4                io_i2c0_speed
                0x000049f0                memTestDevice2
                0x00004440                io_spi0_speed
                0x00004784                uart0_scanf
                0x00004484                io_spi0_enable
                0x00004cd4                io_enable_xint
                0x0000444c                io_spi0_trans
                0x000044f0                io_i2c0_byte_transfer
                0x000046f8                set_syscpreg
                0x000047d4                uart0_print_buffer
                0x0000474c                uart0_printf
                0x00004ad0                main
                0x00004a60                long_to_hex_string
                0x0000498c                memTestDevice1
                0x0000431c                io_set_pwm
                0x00004620                get_syscpreg
                0x000043e8                io_uart0_read_byte
                0x0000441c                io_spi0_config
                0x00004400                io_uart0_send_byte
                0x00004ce4                io_disable_xint
                0x0000481c                memTestAddressBus
                0x00004290                io_read_gpio0_pin
                0x000042a8                io_read_gpio0_port
                0x00004398                io_get_pwm
 *(.rodata)
 .rodata        0x00004cf4        0xc main.o
 *(.rodata*)
 .rodata.str1.4
                0x00004d00      0x108 main.o
                                0x10c (size before relaxing)
 *(.glue_7)
 .glue_7        0x00004e08        0x0 build/storm_startup_code.o
 .glue_7        0x00004e08        0x0 main.o
 *(.glue_7t)
 .glue_7t       0x00004e08        0x0 build/storm_startup_code.o
 .glue_7t       0x00004e08        0x0 main.o
                0x00004e08                . = ALIGN (0x4)
                0x00004e08                _etext = .
                0x00004e08                PROVIDE (etext, .)

.data           0x00004e08        0x0
                0x00004e08                _data = .
 *(.data)
 .data          0x00004e08        0x0 build/storm_startup_code.o
 .data          0x00004e08        0x0 main.o
                0x00004e08                . = ALIGN (0x4)
                0x00004e08                _edata = .
                0x00004e08                PROVIDE (edata, .)

.bss            0x00004e08        0x0
                0x00004e08                __bss_start = .
                0x00004e08                __bss_start__ = .
 *(.bss)
 .bss           0x00004e08        0x0 build/storm_startup_code.o
 .bss           0x00004e08        0x0 main.o
 *(COMMON)
                0x00004e08                . = ALIGN (0x4)
                0x00004e08                . = ALIGN (0x4)
                0x00004e08                __bss_end__ = .
                0x00004e08                PROVIDE (__bss_end, .)

.stack          0x00004f00     0x4000
                0x00008f00                . = (. + STACK_SIZE)
 *fill*         0x00004f00     0x4000 00
                0x00008f00                PROVIDE (_stack, .)
                0x00008f00                _end = .
                0x00008f00                PROVIDE (end, .)

.stab
 *(.stab)

.stabstr
 *(.stabstr)

.stab.excl
 *(.stab.excl)

.stab.exclstr
 *(.stab.exclstr)

.stab.index
 *(.stab.index)

.stab.indexstr
 *(.stab.indexstr)

.comment        0x00000000       0x1b
 *(.comment)
 .comment       0x00000000       0x1b main.o

.debug
 *(.debug)

.line
 *(.line)

.debug_srcinfo
 *(.debug_srcinfo)

.debug_sfnames
 *(.debug_sfnames)

.debug_aranges  0x00000000       0x40
 *(.debug_aranges)
 .debug_aranges
                0x00000000       0x20 build/storm_startup_code.o
 .debug_aranges
                0x00000020       0x20 main.o

.debug_pubnames
                0x00000000      0x25d
 *(.debug_pubnames)
 .debug_pubnames
                0x00000000      0x25d main.o

.debug_info     0x00000000      0x8b7
 *(.debug_info .gnu.linkonce.wi.*)
 .debug_info    0x00000000       0x66 build/storm_startup_code.o
 .debug_info    0x00000066      0x851 main.o

.debug_abbrev   0x00000000      0x268
 *(.debug_abbrev)
 .debug_abbrev  0x00000000       0x14 build/storm_startup_code.o
 .debug_abbrev  0x00000014      0x254 main.o

.debug_line     0x00000000      0x37b
 *(.debug_line)
 .debug_line    0x00000000       0xeb build/storm_startup_code.o
 .debug_line    0x000000eb      0x290 main.o

.debug_frame    0x00000000      0x250
 *(.debug_frame)
 .debug_frame   0x00000000      0x250 main.o

.debug_str      0x00000000      0x330
 *(.debug_str)
 .debug_str     0x00000000      0x330 main.o
                                0x360 (size before relaxing)

.debug_loc      0x00000000      0x827
 *(.debug_loc)
 .debug_loc     0x00000000      0x827 main.o

.debug_macinfo
 *(.debug_macinfo)

.debug_weaknames
 *(.debug_weaknames)

.debug_funcnames
 *(.debug_funcnames)

.debug_typenames
 *(.debug_typenames)

.debug_varnames
 *(.debug_varnames)
OUTPUT(main.elf elf32-bigarm)

Cross Reference Table

Symbol                                            File
__bss_end__                                       build/storm_startup_code.o
__bss_start                                       build/storm_startup_code.o
_boot                                             build/storm_startup_code.o
_data                                             build/storm_startup_code.o
_edata                                            build/storm_startup_code.o
_etext                                            build/storm_startup_code.o
_mainCRTStartup                                   build/storm_startup_code.o
_reset                                            build/storm_startup_code.o
_stack                                            build/storm_startup_code.o
_start                                            build/storm_startup_code.o
abort                                             build/storm_startup_code.o
exit                                              build/storm_startup_code.o
get_syscpreg                                      main.o
io_clr_gpio0_pin                                  main.o
io_disable_xint                                   main.o
io_enable_xint                                    main.o
io_get_pwm                                        main.o
io_i2c0_byte_transfer                             main.o
io_i2c0_speed                                     main.o
io_read_gpio0_pin                                 main.o
io_read_gpio0_port                                main.o
io_set_gpio0_pin                                  main.o
io_set_gpio0_port                                 main.o
io_set_pwm                                        main.o
io_spi0_config                                    main.o
io_spi0_disable                                   main.o
io_spi0_enable                                    main.o
io_spi0_speed                                     main.o
io_spi0_trans                                     main.o
io_toggle_gpio0_pin                               main.o
io_uart0_read_byte                                main.o
io_uart0_send_byte                                main.o
long_to_hex_string                                main.o
main                                              main.o
                                                  build/storm_startup_code.o
memTestAddressBus                                 main.o
memTestDataBus                                    main.o
memTestDevice1                                    main.o
memTestDevice2                                    main.o
reset                                             build/storm_startup_code.o
set_syscpreg                                      main.o
start                                             build/storm_startup_code.o
uart0_print_buffer                                main.o
uart0_printf                                      main.o
uart0_scanf                                       main.o
