
Memory Configuration

Name             Origin             Length             Attributes
ROM              0x00010000         0x00004000         xr
RAM              0x00000000         0x00008000         rw
*default*        0x00000000         0xffffffff

Linker script and memory map

LOAD build/storm_boot_startup_code.o
LOAD main.o
LOAD d:/winarm/bin/../lib/gcc/arm-elf/4.1.1/../../../../arm-elf/lib/be\libc.a
LOAD d:/winarm/bin/../lib/gcc/arm-elf/4.1.1/../../../../arm-elf/lib/be\libm.a
LOAD d:/winarm/bin/../lib/gcc/arm-elf/4.1.1/../../../../arm-elf/lib/be\libc.a
LOAD d:/winarm/bin/../lib/gcc/arm-elf/4.1.1/be\libgcc.a
START GROUP
LOAD d:/winarm/bin/../lib/gcc/arm-elf/4.1.1/be\libgcc.a
LOAD d:/winarm/bin/../lib/gcc/arm-elf/4.1.1/../../../../arm-elf/lib/be\libg.a
LOAD d:/winarm/bin/../lib/gcc/arm-elf/4.1.1/../../../../arm-elf/lib/be\libc.a
END GROUP
                0x00002000                STACK_SIZE = 0x2000

.text           0x00010000     0x1d70
 *storm_startup_code.o(.text)
 *(.text)
 .text          0x00010000       0x64 build/storm_boot_startup_code.o
                0x00010058                reset
                0x00010000                _boot
                0x00010020                _mainCRTStartup
                0x00010058                abort
                0x00010020                _start
                0x00010058                _reset
                0x00010058                exit
                0x00010020                start
 .text          0x00010064     0x1078 main.o
                0x00010274                io_spi0_disable
                0x00010088                io_set_gpio0_pin
                0x000100c8                io_toggle_gpio0_pin
                0x000106a4                string_cmpc
                0x000100e4                io_set_gpio0_port
                0x000100a4                io_clr_gpio0_pin
                0x00010298                io_i2c0_speed
                0x00010214                io_spi0_speed
                0x0001063c                get_adc
                0x00010558                uart0_scanf
                0x00010258                io_spi0_enable
                0x000110bc                io_enable_xint
                0x00010220                io_spi0_trans
                0x000102c4                io_i2c0_byte_transfer
                0x000104cc                set_syscpreg
                0x000105a8                uart0_print_buffer
                0x00010520                uart0_printf
                0x000106ec                hex_string_to_long
                0x00010778                main
                0x000105cc                long_to_hex_string
                0x000100f0                io_set_pwm
                0x0001067c                delay
                0x000103f4                get_syscpreg
                0x000101bc                io_uart0_read_byte
                0x000101f0                io_spi0_config
                0x000101d4                io_uart0_send_byte
                0x00010758                qbytes_to_long
                0x000110cc                io_disable_xint
                0x00010064                io_read_gpio0_pin
                0x0001007c                io_read_gpio0_port
                0x0001016c                io_get_pwm
 *(.rodata)
 *(.rodata*)
 .rodata.str1.4
                0x000110dc      0xc94 main.o
                                0xca0 (size before relaxing)
 *(.glue_7)
 .glue_7        0x00011d70        0x0 build/storm_boot_startup_code.o
 .glue_7        0x00011d70        0x0 main.o
 *(.glue_7t)
 .glue_7t       0x00011d70        0x0 build/storm_boot_startup_code.o
 .glue_7t       0x00011d70        0x0 main.o
                0x00011d70                . = ALIGN (0x4)

.ctors          0x00011d70        0x0
                0x00011d70                PROVIDE (__ctors_start__, .)
 *(SORT(.ctors.*))
 *(.ctors)
                0x00011d70                PROVIDE (__ctors_end__, .)

.dtors          0x00011d70        0x0
                0x00011d70                PROVIDE (__dtors_start__, .)
 *(SORT(.dtors.*))
 *(.dtors)
                0x00011d70                PROVIDE (__dtors_end__, .)
                0x00011d70                . = ALIGN (0x4)
                0x00011d70                _etext = .
                0x00011d70                PROVIDE (etext, .)

.data           0x00000000        0x0 load address 0x00011d70
                0x00000000                _data = .
 *(.data)
 .data          0x00000000        0x0 build/storm_boot_startup_code.o
 .data          0x00000000        0x0 main.o
                0x00000000                . = ALIGN (0x4)
                0x00000000                _edata = .
                0x00000000                PROVIDE (edata, .)

.bss            0x00000000        0x0
                0x00000000                __bss_start = .
                0x00000000                __bss_start__ = .
 *(.bss)
 .bss           0x00000000        0x0 build/storm_boot_startup_code.o
 .bss           0x00000000        0x0 main.o
 *(COMMON)
                0x00000000                . = ALIGN (0x4)
                0x00000000                . = ALIGN (0x4)
                0x00000000                __bss_end__ = .
                0x00000000                PROVIDE (__bss_end, .)

.stack          0x00000000     0x2000
                0x00000000                . = ALIGN (0x100)
                0x00002000                . = (. + STACK_SIZE)
 *fill*         0x00000000     0x2000 00
                0x00002000                PROVIDE (_stack, .)
                0x00002000                _end = .
                0x00002000                PROVIDE (end, .)

.stab
 *(.stab)

.stabstr
 *(.stabstr)

.stab.excl
 *(.stab.excl)

.stab.exclstr
 *(.stab.exclstr)

.stab.index
 *(.stab.index)

.stab.indexstr
 *(.stab.indexstr)

.comment        0x00000000       0x1b
 *(.comment)
 .comment       0x00000000       0x1b main.o

.debug
 *(.debug)

.line
 *(.line)

.debug_srcinfo
 *(.debug_srcinfo)

.debug_sfnames
 *(.debug_sfnames)

.debug_aranges  0x00000000       0x40
 *(.debug_aranges)
 .debug_aranges
                0x00000000       0x20 build/storm_boot_startup_code.o
 .debug_aranges
                0x00000020       0x20 main.o

.debug_pubnames
                0x00000000      0x25e
 *(.debug_pubnames)
 .debug_pubnames
                0x00000000      0x25e main.o

.debug_info     0x00000000      0x8fc
 *(.debug_info .gnu.linkonce.wi.*)
 .debug_info    0x00000000       0x6e build/storm_boot_startup_code.o
 .debug_info    0x0000006e      0x88e main.o

.debug_abbrev   0x00000000      0x26e
 *(.debug_abbrev)
 .debug_abbrev  0x00000000       0x14 build/storm_boot_startup_code.o
 .debug_abbrev  0x00000014      0x25a main.o

.debug_line     0x00000000      0x380
 *(.debug_line)
 .debug_line    0x00000000       0x69 build/storm_boot_startup_code.o
 .debug_line    0x00000069      0x317 main.o

.debug_frame    0x00000000      0x264
 *(.debug_frame)
 .debug_frame   0x00000000      0x264 main.o

.debug_str      0x00000000      0x360
 *(.debug_str)
 .debug_str     0x00000000      0x360 main.o
                                0x39b (size before relaxing)

.debug_loc      0x00000000      0xa28
 *(.debug_loc)
 .debug_loc     0x00000000      0xa28 main.o

.debug_macinfo
 *(.debug_macinfo)

.debug_weaknames
 *(.debug_weaknames)

.debug_funcnames
 *(.debug_funcnames)

.debug_typenames
 *(.debug_typenames)

.debug_varnames
 *(.debug_varnames)
OUTPUT(main.elf elf32-bigarm)

Cross Reference Table

Symbol                                            File
__bss_end__                                       build/storm_boot_startup_code.o
__bss_start                                       build/storm_boot_startup_code.o
_boot                                             build/storm_boot_startup_code.o
_data                                             build/storm_boot_startup_code.o
_edata                                            build/storm_boot_startup_code.o
_etext                                            build/storm_boot_startup_code.o
_mainCRTStartup                                   build/storm_boot_startup_code.o
_reset                                            build/storm_boot_startup_code.o
_stack                                            build/storm_boot_startup_code.o
_start                                            build/storm_boot_startup_code.o
abort                                             build/storm_boot_startup_code.o
delay                                             main.o
exit                                              build/storm_boot_startup_code.o
get_adc                                           main.o
get_syscpreg                                      main.o
hex_string_to_long                                main.o
io_clr_gpio0_pin                                  main.o
io_disable_xint                                   main.o
io_enable_xint                                    main.o
io_get_pwm                                        main.o
io_i2c0_byte_transfer                             main.o
io_i2c0_speed                                     main.o
io_read_gpio0_pin                                 main.o
io_read_gpio0_port                                main.o
io_set_gpio0_pin                                  main.o
io_set_gpio0_port                                 main.o
io_set_pwm                                        main.o
io_spi0_config                                    main.o
io_spi0_disable                                   main.o
io_spi0_enable                                    main.o
io_spi0_speed                                     main.o
io_spi0_trans                                     main.o
io_toggle_gpio0_pin                               main.o
io_uart0_read_byte                                main.o
io_uart0_send_byte                                main.o
long_to_hex_string                                main.o
main                                              main.o
                                                  build/storm_boot_startup_code.o
qbytes_to_long                                    main.o
reset                                             build/storm_boot_startup_code.o
set_syscpreg                                      main.o
start                                             build/storm_boot_startup_code.o
string_cmpc                                       main.o
uart0_print_buffer                                main.o
uart0_printf                                      main.o
uart0_scanf                                       main.o
