
Memory Configuration

Name             Origin             Length             Attributes
*default*        0x00000000         0xffffffff

Linker script and memory map

                0x00002000                . = 0x2000

.text           0x00002000      0xdc8
 start*(.text)
 .text          0x00002000       0x28 start.o
 *(.text)
 .text          0x00002028        0x0 hello-world.o
 .text          0x00002028      0x448 ../mini-libc/printf.o
                0x00002028                outbyte
                0x00002048                prints
                0x00002124                printi
                0x00002264                print
                0x00002418                printf
                0x00002444                sprintf
 .text          0x00002470      0x480 ../mini-libc/libc_asm.o
                0x00002470                _testfail
                0x0000247c                _testpass
                0x0000248c                _outbyte
                0x000024ac                _inbyte
                0x000024dc                __aeabi_idiv
                0x000024dc                _div
                0x00002560                strcpy
                0x00002664                strcmp
                0x0000285c                init_malloc
                0x00002868                malloc
                0x0000287c                strncpy
                0x000028a0                strncmp
 .text          0x000028f0      0x4d8 ../mini-libc/memcpy.o
                0x000028f0                memcpy

.glue_7         0x00002dc8        0x0
 .glue_7        0x00000000        0x0 linker stubs

.glue_7t        0x00002dc8        0x0
 .glue_7t       0x00000000        0x0 linker stubs

.vfp11_veneer   0x00002dc8        0x0
 .vfp11_veneer  0x00000000        0x0 linker stubs

.v4_bx          0x00002dc8        0x0
 .v4_bx         0x00000000        0x0 linker stubs

.text.startup   0x00002dc8       0x30
 .text.startup  0x00002dc8       0x30 hello-world.o
                0x00002dc8                main

.iplt           0x00002df8        0x0
 .iplt          0x00000000        0x0 hello-world.o

.data           0x00002df8        0x0
 *(.data)
 .data          0x00002df8        0x0 hello-world.o
 .data          0x00002df8        0x0 start.o
 .data          0x00002df8        0x0 ../mini-libc/printf.o
 .data          0x00002df8        0x0 ../mini-libc/libc_asm.o
 .data          0x00002df8        0x0 ../mini-libc/memcpy.o

.igot.plt       0x00002df8        0x0
 .igot.plt      0x00000000        0x0 hello-world.o

.rodata
 *(.rodata)

.rodata.str1.4  0x00002df8       0x2c
 .rodata.str1.4
                0x00002df8       0x2c hello-world.o

.rodata.str1.1  0x00002e24        0x7
 .rodata.str1.1
                0x00002e24        0x7 ../mini-libc/printf.o

.rel.dyn        0x00002e2c        0x0
 .rel.iplt      0x00000000        0x0 hello-world.o

.bss            0x00002e2b        0x4
 *(.bss)
 .bss           0x00002e2b        0x0 hello-world.o
 .bss           0x00002e2b        0x4 start.o
 .bss           0x00002e2f        0x0 ../mini-libc/printf.o
 .bss           0x00002e2f        0x0 ../mini-libc/libc_asm.o
 .bss           0x00002e2f        0x0 ../mini-libc/memcpy.o

.stack          0x00002e2f        0x0
                0x00002e2f                __stack = .
LOAD hello-world.o
LOAD start.o
LOAD ../mini-libc/printf.o
LOAD ../mini-libc/libc_asm.o
LOAD ../mini-libc/memcpy.o
OUTPUT(hello-world.elf elf32-littlearm)

.comment        0x00000000       0x30
 .comment       0x00000000       0x30 hello-world.o
                                 0x31 (size before relaxing)
 .comment       0x00000000       0x31 ../mini-libc/printf.o
 .comment       0x00000000       0x31 ../mini-libc/memcpy.o

.note.GNU-stack
                0x00000000        0x0
 .note.GNU-stack
                0x00000000        0x0 hello-world.o
 .note.GNU-stack
                0x00000000        0x0 ../mini-libc/printf.o
 .note.GNU-stack
                0x00000000        0x0 ../mini-libc/memcpy.o

.ARM.attributes
                0x00000000       0x29
 .ARM.attributes
                0x00000000       0x28 hello-world.o
 .ARM.attributes
                0x00000028       0x1b start.o
 .ARM.attributes
                0x00000043       0x28 ../mini-libc/printf.o
 .ARM.attributes
                0x0000006b       0x1b ../mini-libc/libc_asm.o
 .ARM.attributes
                0x00000086       0x28 ../mini-libc/memcpy.o
